Archive member included to satisfy reference by file (symbol)

d:/at32ide/platform/tools/gcc-arm-none-eabi-10.3-2021.10/bin/../lib/gcc/arm-none-eabi/10.3.1/../../../../arm-none-eabi/lib/thumb/v7e-m+fp/hard\libg_nano.a(lib_a-exit.o)
                              d:/at32ide/platform/tools/gcc-arm-none-eabi-10.3-2021.10/bin/../lib/gcc/arm-none-eabi/10.3.1/../../../../arm-none-eabi/lib/thumb/v7e-m+fp/hard/crt0.o (exit)
d:/at32ide/platform/tools/gcc-arm-none-eabi-10.3-2021.10/bin/../lib/gcc/arm-none-eabi/10.3.1/../../../../arm-none-eabi/lib/thumb/v7e-m+fp/hard\libg_nano.a(lib_a-impure.o)
                              d:/at32ide/platform/tools/gcc-arm-none-eabi-10.3-2021.10/bin/../lib/gcc/arm-none-eabi/10.3.1/../../../../arm-none-eabi/lib/thumb/v7e-m+fp/hard\libg_nano.a(lib_a-exit.o) (_global_impure_ptr)
d:/at32ide/platform/tools/gcc-arm-none-eabi-10.3-2021.10/bin/../lib/gcc/arm-none-eabi/10.3.1/../../../../arm-none-eabi/lib/thumb/v7e-m+fp/hard\libg_nano.a(lib_a-init.o)
                              d:/at32ide/platform/tools/gcc-arm-none-eabi-10.3-2021.10/bin/../lib/gcc/arm-none-eabi/10.3.1/../../../../arm-none-eabi/lib/thumb/v7e-m+fp/hard/crt0.o (__libc_init_array)
d:/at32ide/platform/tools/gcc-arm-none-eabi-10.3-2021.10/bin/../lib/gcc/arm-none-eabi/10.3.1/../../../../arm-none-eabi/lib/thumb/v7e-m+fp/hard\libg_nano.a(lib_a-memset.o)
                              d:/at32ide/platform/tools/gcc-arm-none-eabi-10.3-2021.10/bin/../lib/gcc/arm-none-eabi/10.3.1/../../../../arm-none-eabi/lib/thumb/v7e-m+fp/hard/crt0.o (memset)
d:/at32ide/platform/tools/gcc-arm-none-eabi-10.3-2021.10/bin/../lib/gcc/arm-none-eabi/10.3.1/../../../../arm-none-eabi/lib/thumb/v7e-m+fp/hard\libg_nano.a(lib_a-printf.o)
                              ./user/main.o (printf)
d:/at32ide/platform/tools/gcc-arm-none-eabi-10.3-2021.10/bin/../lib/gcc/arm-none-eabi/10.3.1/../../../../arm-none-eabi/lib/thumb/v7e-m+fp/hard\libg_nano.a(lib_a-puts.o)
                              ./user/main.o (puts)
d:/at32ide/platform/tools/gcc-arm-none-eabi-10.3-2021.10/bin/../lib/gcc/arm-none-eabi/10.3.1/../../../../arm-none-eabi/lib/thumb/v7e-m+fp/hard\libg_nano.a(lib_a-setvbuf.o)
                              ./bsp/at32f403a_407_board.o (setvbuf)
d:/at32ide/platform/tools/gcc-arm-none-eabi-10.3-2021.10/bin/../lib/gcc/arm-none-eabi/10.3.1/../../../../arm-none-eabi/lib/thumb/v7e-m+fp/hard\libg_nano.a(lib_a-wbuf.o)
                              d:/at32ide/platform/tools/gcc-arm-none-eabi-10.3-2021.10/bin/../lib/gcc/arm-none-eabi/10.3.1/../../../../arm-none-eabi/lib/thumb/v7e-m+fp/hard\libg_nano.a(lib_a-puts.o) (__swbuf_r)
d:/at32ide/platform/tools/gcc-arm-none-eabi-10.3-2021.10/bin/../lib/gcc/arm-none-eabi/10.3.1/../../../../arm-none-eabi/lib/thumb/v7e-m+fp/hard\libg_nano.a(lib_a-wsetup.o)
                              d:/at32ide/platform/tools/gcc-arm-none-eabi-10.3-2021.10/bin/../lib/gcc/arm-none-eabi/10.3.1/../../../../arm-none-eabi/lib/thumb/v7e-m+fp/hard\libg_nano.a(lib_a-puts.o) (__swsetup_r)
d:/at32ide/platform/tools/gcc-arm-none-eabi-10.3-2021.10/bin/../lib/gcc/arm-none-eabi/10.3.1/../../../../arm-none-eabi/lib/thumb/v7e-m+fp/hard\libg_nano.a(lib_a-fflush.o)
                              d:/at32ide/platform/tools/gcc-arm-none-eabi-10.3-2021.10/bin/../lib/gcc/arm-none-eabi/10.3.1/../../../../arm-none-eabi/lib/thumb/v7e-m+fp/hard\libg_nano.a(lib_a-setvbuf.o) (_fflush_r)
d:/at32ide/platform/tools/gcc-arm-none-eabi-10.3-2021.10/bin/../lib/gcc/arm-none-eabi/10.3.1/../../../../arm-none-eabi/lib/thumb/v7e-m+fp/hard\libg_nano.a(lib_a-findfp.o)
                              d:/at32ide/platform/tools/gcc-arm-none-eabi-10.3-2021.10/bin/../lib/gcc/arm-none-eabi/10.3.1/../../../../arm-none-eabi/lib/thumb/v7e-m+fp/hard\libg_nano.a(lib_a-printf.o) (__sinit)
d:/at32ide/platform/tools/gcc-arm-none-eabi-10.3-2021.10/bin/../lib/gcc/arm-none-eabi/10.3.1/../../../../arm-none-eabi/lib/thumb/v7e-m+fp/hard\libg_nano.a(lib_a-fwalk.o)
                              d:/at32ide/platform/tools/gcc-arm-none-eabi-10.3-2021.10/bin/../lib/gcc/arm-none-eabi/10.3.1/../../../../arm-none-eabi/lib/thumb/v7e-m+fp/hard\libg_nano.a(lib_a-findfp.o) (_fwalk)
d:/at32ide/platform/tools/gcc-arm-none-eabi-10.3-2021.10/bin/../lib/gcc/arm-none-eabi/10.3.1/../../../../arm-none-eabi/lib/thumb/v7e-m+fp/hard\libg_nano.a(lib_a-lock.o)
                              d:/at32ide/platform/tools/gcc-arm-none-eabi-10.3-2021.10/bin/../lib/gcc/arm-none-eabi/10.3.1/../../../../arm-none-eabi/lib/thumb/v7e-m+fp/hard\libg_nano.a(lib_a-findfp.o) (__retarget_lock_init_recursive)
d:/at32ide/platform/tools/gcc-arm-none-eabi-10.3-2021.10/bin/../lib/gcc/arm-none-eabi/10.3.1/../../../../arm-none-eabi/lib/thumb/v7e-m+fp/hard\libg_nano.a(lib_a-makebuf.o)
                              d:/at32ide/platform/tools/gcc-arm-none-eabi-10.3-2021.10/bin/../lib/gcc/arm-none-eabi/10.3.1/../../../../arm-none-eabi/lib/thumb/v7e-m+fp/hard\libg_nano.a(lib_a-setvbuf.o) (__swhatbuf_r)
[...]
Memory Configuration

Name             Origin             Length             Attributes
FLASH            0x08000000         0x00100000         xr
RAM              0x20000000         0x00018000         xrw
SPIM             0x08400000         0x01000000         xr
*default*        0x00000000         0xffffffff

Linker script and memory map

LOAD d:/at32ide/platform/tools/gcc-arm-none-eabi-10.3-2021.10/bin/../lib/gcc/arm-none-eabi/10.3.1/thumb/v7e-m+fp/hard/crti.o
LOAD d:/at32ide/platform/tools/gcc-arm-none-eabi-10.3-2021.10/bin/../lib/gcc/arm-none-eabi/10.3.1/thumb/v7e-m+fp/hard/crtbegin.o
LOAD d:/at32ide/platform/tools/gcc-arm-none-eabi-10.3-2021.10/bin/../lib/gcc/arm-none-eabi/10.3.1/../../../../arm-none-eabi/lib/thumb/v7e-m+fp/hard/crt0.o
LOAD ./user/at32f403a_407_clock.o
LOAD ./user/at32f403a_407_int.o
LOAD ./user/main.o
LOAD ./firmware/at32f403a_407_acc.o
LOAD ./firmware/at32f403a_407_adc.o
LOAD ./firmware/at32f403a_407_bpr.o
LOAD ./firmware/at32f403a_407_can.o
LOAD ./firmware/at32f403a_407_crc.o
LOAD ./firmware/at32f403a_407_crm.o
LOAD ./firmware/at32f403a_407_dac.o
LOAD ./firmware/at32f403a_407_debug.o
LOAD ./firmware/at32f403a_407_dma.o
LOAD ./firmware/at32f403a_407_emac.o
LOAD ./firmware/at32f403a_407_exint.o
LOAD ./firmware/at32f403a_407_flash.o
LOAD ./firmware/at32f403a_407_gpio.o
LOAD ./firmware/at32f403a_407_i2c.o
LOAD ./firmware/at32f403a_407_misc.o
LOAD ./firmware/at32f403a_407_pwc.o
LOAD ./firmware/at32f403a_407_rtc.o
LOAD ./firmware/at32f403a_407_sdio.o
LOAD ./firmware/at32f403a_407_spi.o
LOAD ./firmware/at32f403a_407_tmr.o
LOAD ./firmware/at32f403a_407_usart.o
LOAD ./firmware/at32f403a_407_usb.o
LOAD ./firmware/at32f403a_407_wdt.o
LOAD ./firmware/at32f403a_407_wwdt.o
LOAD ./firmware/at32f403a_407_xmc.o
LOAD ./cmsis/startup_at32f403a_407.o
LOAD ./cmsis/system_at32f403a_407.o
LOAD ./bsp/at32f403a_407_board.o
START GROUP
LOAD d:/at32ide/platform/tools/gcc-arm-none-eabi-10.3-2021.10/bin/../lib/gcc/arm-none-eabi/10.3.1/thumb/v7e-m+fp/hard\libgcc.a
LOAD d:/at32ide/platform/tools/gcc-arm-none-eabi-10.3-2021.10/bin/../lib/gcc/arm-none-eabi/10.3.1/../../../../arm-none-eabi/lib/thumb/v7e-m+fp/hard\libg_nano.a
LOAD d:/at32ide/platform/tools/gcc-arm-none-eabi-10.3-2021.10/bin/../lib/gcc/arm-none-eabi/10.3.1/../../../../arm-none-eabi/lib/thumb/v7e-m+fp/hard\libc_nano.a
END GROUP
START GROUP
LOAD d:/at32ide/platform/tools/gcc-arm-none-eabi-10.3-2021.10/bin/../lib/gcc/arm-none-eabi/10.3.1/thumb/v7e-m+fp/hard\libgcc.a
LOAD d:/at32ide/platform/tools/gcc-arm-none-eabi-10.3-2021.10/bin/../lib/gcc/arm-none-eabi/10.3.1/../../../../arm-none-eabi/lib/thumb/v7e-m+fp/hard\libc_nano.a
LOAD d:/at32ide/platform/tools/gcc-arm-none-eabi-10.3-2021.10/bin/../lib/gcc/arm-none-eabi/10.3.1/../../../../arm-none-eabi/lib/thumb/v7e-m+fp/hard\libnosys.a
END GROUP
START GROUP
LOAD d:/at32ide/platform/tools/gcc-arm-none-eabi-10.3-2021.10/bin/../lib/gcc/arm-none-eabi/10.3.1/thumb/v7e-m+fp/hard\libgcc.a
LOAD d:/at32ide/platform/tools/gcc-arm-none-eabi-10.3-2021.10/bin/../lib/gcc/arm-none-eabi/10.3.1/../../../../arm-none-eabi/lib/thumb/v7e-m+fp/hard\libc_nano.a
LOAD d:/at32ide/platform/tools/gcc-arm-none-eabi-10.3-2021.10/bin/../lib/gcc/arm-none-eabi/10.3.1/../../../../arm-none-eabi/lib/thumb/v7e-m+fp/hard\libnosys.a
END GROUP
LOAD d:/at32ide/platform/tools/gcc-arm-none-eabi-10.3-2021.10/bin/../lib/gcc/arm-none-eabi/10.3.1/thumb/v7e-m+fp/hard/crtend.o
LOAD d:/at32ide/platform/tools/gcc-arm-none-eabi-10.3-2021.10/bin/../lib/gcc/arm-none-eabi/10.3.1/thumb/v7e-m+fp/hard/crtn.o
                0x20018000                _estack = 0x20018000
                0x00000200                _Min_Heap_Size = 0x200
                0x00000400                _Min_Stack_Size = 0x400

.isr_vector     0x08000000      0x184
                0x08000000                . = ALIGN (0x4)
 *(.isr_vector)
 .isr_vector    0x08000000      0x184 ./cmsis/startup_at32f403a_407.o
                0x08000000                g_pfnVectors
                0x08000184                . = ALIGN (0x4)

.text           0x08000190     0x22c8
                0x08000190                . = ALIGN (0x4)
 *(.text)
 .text          0x08000190       0x40 d:/at32ide/platform/tools/gcc-arm-none-eabi-10.3-2021.10/bin/../lib/gcc/arm-none-eabi/10.3.1/thumb/v7e-m+fp/hard/crtbegin.o
 .text          0x080001d0       0xa0 d:/at32ide/platform/tools/gcc-arm-none-eabi-10.3-2021.10/bin/../lib/gcc/arm-none-eabi/10.3.1/../../../../arm-none-eabi/lib/thumb/v7e-m+fp/hard\libg_nano.a(lib_a-memchr.o)
                0x080001d0                memchr
 *(.text*)
 .text.system_clock_config
                0x08000270       0x7a ./user/at32f403a_407_clock.o
                0x08000270                system_clock_config
 .text.NMI_Handler
                0x080002ea        0xe ./user/at32f403a_407_int.o
                0x080002ea                NMI_Handler
 .text.HardFault_Handler
                0x080002f8        0x6 ./user/at32f403a_407_int.o
                0x080002f8                HardFault_Handler
 .text.MemManage_Handler
                0x080002fe        0x6 ./user/at32f403a_407_int.o
                0x080002fe                MemManage_Handler
 .text.BusFault_Handler
                0x08000304        0x6 ./user/at32f403a_407_int.o
                0x08000304                BusFault_Handler
 .text.UsageFault_Handler
                0x0800030a        0x6 ./user/at32f403a_407_int.o
                0x0800030a                UsageFault_Handler
 .text.SVC_Handler
                0x08000310        0xe ./user/at32f403a_407_int.o
                0x08000310                SVC_Handler
 .text.DebugMon_Handler
                0x0800031e        0xe ./user/at32f403a_407_int.o
                0x0800031e                DebugMon_Handler
 .text.PendSV_Handler
                0x0800032c        0xe ./user/at32f403a_407_int.o
                0x0800032c                PendSV_Handler
 .text.SysTick_Handler
                0x0800033a        0xe ./user/at32f403a_407_int.o
                0x0800033a                SysTick_Handler
 .text.main     0x08000348       0x54 ./user/main.o
                0x08000348                main
 .text.crm_reset
                0x0800039c       0x6c ./firmware/at32f403a_407_crm.o
                0x0800039c                crm_reset
 .text.crm_flag_get
                0x08000408       0x50 ./firmware/at32f403a_407_crm.o
                0x08000408                crm_flag_get
 .text.crm_hext_stable_wait
                0x08000458       0x4a ./firmware/at32f403a_407_crm.o
                0x08000458                crm_hext_stable_wait
 .text.crm_periph_clock_enable
                0x080004a2       0x7c ./firmware/at32f403a_407_crm.o
                0x080004a2                crm_periph_clock_enable
 *fill*         0x0800051e        0x2 
 .text.crm_clock_source_enable
                0x08000520       0xa8 ./firmware/at32f403a_407_crm.o
                0x08000520                crm_clock_source_enable
 .text.crm_ahb_div_set
                0x080005c8       0x2c ./firmware/at32f403a_407_crm.o
                0x080005c8                crm_ahb_div_set
 .text.crm_apb1_div_set
                0x080005f4       0x2c ./firmware/at32f403a_407_crm.o
                0x080005f4                crm_apb1_div_set
 .text.crm_apb2_div_set
                0x08000620       0x2c ./firmware/at32f403a_407_crm.o
                0x08000620                crm_apb2_div_set
 .text.crm_pll_config
                0x0800064c       0x9c ./firmware/at32f403a_407_crm.o
                0x0800064c                crm_pll_config
 .text.crm_sysclk_switch
                0x080006e8       0x2c ./firmware/at32f403a_407_crm.o
                0x080006e8                crm_sysclk_switch
 .text.crm_sysclk_switch_status_get
                0x08000714       0x1c ./firmware/at32f403a_407_crm.o
                0x08000714                crm_sysclk_switch_status_get
 .text.crm_clocks_freq_get
                0x08000730      0x1d4 ./firmware/at32f403a_407_crm.o
                0x08000730                crm_clocks_freq_get
 .text.crm_auto_step_mode_enable
                0x08000904       0x38 ./firmware/at32f403a_407_crm.o
                0x08000904                crm_auto_step_mode_enable
 .text.crm_hext_clock_div_set
                0x0800093c       0x2c ./firmware/at32f403a_407_crm.o
                0x0800093c                crm_hext_clock_div_set
 .text.gpio_init
                0x08000968      0x138 ./firmware/at32f403a_407_gpio.o
                0x08000968                gpio_init
 .text.gpio_default_para_init
                0x08000aa0       0x34 ./firmware/at32f403a_407_gpio.o
                0x08000aa0                gpio_default_para_init
 .text.systick_clock_source_config
                0x08000ad4       0x3c ./firmware/at32f403a_407_misc.o
                0x08000ad4                systick_clock_source_config
 .text.usart_init
                0x08000b10       0xe0 ./firmware/at32f403a_407_usart.o
                0x08000b10                usart_init
 .text.usart_enable
                0x08000bf0       0x2a ./firmware/at32f403a_407_usart.o
                0x08000bf0                usart_enable
 .text.usart_transmitter_enable
                0x08000c1a       0x2a ./firmware/at32f403a_407_usart.o
                0x08000c1a                usart_transmitter_enable
 .text.usart_data_transmit
                0x08000c44       0x22 ./firmware/at32f403a_407_usart.o
                0x08000c44                usart_data_transmit
 .text.usart_flag_get
                0x08000c66       0x28 ./firmware/at32f403a_407_usart.o
                0x08000c66                usart_flag_get
 *fill*         0x08000c8e        0x2 
 .text.Reset_Handler
                0x08000c90       0x48 ./cmsis/startup_at32f403a_407.o
                0x08000c90                Reset_Handler
 .text.Default_Handler
                0x08000cd8        0x2 ./cmsis/startup_at32f403a_407.o
                0x08000cd8                SDIO1_IRQHandler
                0x08000cd8                XMC_IRQHandler
                0x08000cd8                EXINT2_IRQHandler
                0x08000cd8                USBFS_L_CAN1_RX0_IRQHandler
                0x08000cd8                UART8_IRQHandler
                0x08000cd8                SPI4_IRQHandler
                0x08000cd8                I2C2_EVT_IRQHandler
                0x08000cd8                TMR1_OVF_TMR10_IRQHandler
                0x08000cd8                TMR8_TRG_HALL_TMR14_IRQHandler
                0x08000cd8                USBFS_H_CAN1_TX_IRQHandler
                0x08000cd8                I2C1_ERR_IRQHandler
                0x08000cd8                EXINT9_5_IRQHandler
                0x08000cd8                EMAC_IRQHandler
                0x08000cd8                CAN2_RX1_IRQHandler
                0x08000cd8                TMR5_GLOBAL_IRQHandler
                0x08000cd8                SDIO2_IRQHandler
                0x08000cd8                ADC1_2_IRQHandler
                0x08000cd8                SPI1_IRQHandler
                0x08000cd8                TAMPER_IRQHandler
                0x08000cd8                CAN2_RX0_IRQHandler
                0x08000cd8                DMA2_Channel2_IRQHandler
                0x08000cd8                DMA1_Channel4_IRQHandler
                0x08000cd8                TMR8_CH_IRQHandler
                0x08000cd8                USART6_IRQHandler
                0x08000cd8                EXINT0_IRQHandler
                0x08000cd8                USART3_IRQHandler
                0x08000cd8                RTC_IRQHandler
                0x08000cd8                DMA1_Channel7_IRQHandler
                0x08000cd8                CAN1_RX1_IRQHandler
                0x08000cd8                UART5_IRQHandler
                0x08000cd8                ADC3_IRQHandler
                0x08000cd8                ACC_IRQHandler
                0x08000cd8                EMAC_WKUP_IRQHandler
                0x08000cd8                DMA2_Channel1_IRQHandler
                0x08000cd8                EXINT3_IRQHandler
                0x08000cd8                DMA1_Channel6_IRQHandler
                0x08000cd8                UART4_IRQHandler
                0x08000cd8                DMA1_Channel1_IRQHandler
                0x08000cd8                Default_Handler
                0x08000cd8                USBFS_MAPH_IRQHandler
                0x08000cd8                TMR3_GLOBAL_IRQHandler
                0x08000cd8                TMR7_GLOBAL_IRQHandler
                0x08000cd8                CAN1_SE_IRQHandler
                0x08000cd8                CAN2_TX_IRQHandler
                0x08000cd8                I2C3_ERR_IRQHandler
                0x08000cd8                SPI3_I2S3EXT_IRQHandler
                0x08000cd8                TMR1_BRK_TMR9_IRQHandler
                0x08000cd8                USBFS_MAPL_IRQHandler
                0x08000cd8                TMR8_BRK_TMR12_IRQHandler
                0x08000cd8                TMR1_TRG_HALL_TMR11_IRQHandler
                0x08000cd8                DMA1_Channel5_IRQHandler
                0x08000cd8                TMR4_GLOBAL_IRQHandler
                0x08000cd8                EXINT4_IRQHandler
                0x08000cd8                CAN2_SE_IRQHandler
                0x08000cd8                DMA2_Channel6_7_IRQHandler
                0x08000cd8                PVM_IRQHandler
                0x08000cd8                I2C3_EVT_IRQHandler
                0x08000cd8                DMA1_Channel3_IRQHandler
                0x08000cd8                I2C1_EVT_IRQHandler
                0x08000cd8                TMR8_OVF_TMR13_IRQHandler
                0x08000cd8                TMR6_GLOBAL_IRQHandler
                0x08000cd8                EXINT1_IRQHandler
                0x08000cd8                RTCAlarm_IRQHandler
                0x08000cd8                DMA2_Channel4_5_IRQHandler
                0x08000cd8                UART7_IRQHandler
                0x08000cd8                USART2_IRQHandler
                0x08000cd8                DMA1_Channel2_IRQHandler
                0x08000cd8                TMR2_GLOBAL_IRQHandler
                0x08000cd8                FLASH_IRQHandler
                0x08000cd8                SPI2_I2S2EXT_IRQHandler
                0x08000cd8                I2C2_ERR_IRQHandler
                0x08000cd8                USBFSWakeUp_IRQHandler
                0x08000cd8                USART1_IRQHandler
                0x08000cd8                TMR1_CH_IRQHandler
                0x08000cd8                CRM_IRQHandler
                0x08000cd8                EXINT15_10_IRQHandler
                0x08000cd8                WWDT_IRQHandler
                0x08000cd8                DMA2_Channel3_IRQHandler
 *fill*         0x08000cda        0x2 
 .text.SystemInit
                0x08000cdc       0x88 ./cmsis/system_at32f403a_407.o
                0x08000cdc                SystemInit
 .text.system_core_clock_update
                0x08000d64      0x150 ./cmsis/system_at32f403a_407.o
                0x08000d64                system_core_clock_update
 .text._write   0x08000eb4       0x60 ./bsp/at32f403a_407_board.o
                0x08000eb4                _write
 .text.uart_print_init
                0x08000f14       0x8c ./bsp/at32f403a_407_board.o
                0x08000f14                uart_print_init
 .text.at32_board_init
                0x08000fa0       0x34 ./bsp/at32f403a_407_board.o
                0x08000fa0                at32_board_init
 .text.at32_button_init
                0x08000fd4       0x44 ./bsp/at32f403a_407_board.o
                0x08000fd4                at32_button_init
 .text.at32_led_init
                0x08001018       0x68 ./bsp/at32f403a_407_board.o
                0x08001018                at32_led_init
 .text.at32_led_off
                0x08001080       0x48 ./bsp/at32f403a_407_board.o
                0x08001080                at32_led_off
 .text.delay_init
                0x080010c8       0x40 ./bsp/at32f403a_407_board.o
                0x080010c8                delay_init
 .text.delay_ms
                0x08001108       0x98 ./bsp/at32f403a_407_board.o
                0x08001108                delay_ms
 .text.delay_sec
                0x080011a0       0x38 ./bsp/at32f403a_407_board.o
                0x080011a0                delay_sec
 .text.__libc_init_array
                0x080011d8       0x48 d:/at32ide/platform/tools/gcc-arm-none-eabi-10.3-2021.10/bin/../lib/gcc/arm-none-eabi/10.3.1/../../../../arm-none-eabi/lib/thumb/v7e-m+fp/hard\libg_nano.a(lib_a-init.o)
                0x080011d8                __libc_init_array
 .text.memset   0x08001220       0x10 d:/at32ide/platform/tools/gcc-arm-none-eabi-10.3-2021.10/bin/../lib/gcc/arm-none-eabi/10.3.1/../../../../arm-none-eabi/lib/thumb/v7e-m+fp/hard\libg_nano.a(lib_a-memset.o)
                0x08001220                memset
 .text.printf   0x08001230       0x30 d:/at32ide/platform/tools/gcc-arm-none-eabi-10.3-2021.10/bin/../lib/gcc/arm-none-eabi/10.3.1/../../../../arm-none-eabi/lib/thumb/v7e-m+fp/hard\libg_nano.a(lib_a-printf.o)
                0x08001230                iprintf
                0x08001230                printf
 .text._puts_r  0x08001260       0xdc d:/at32ide/platform/tools/gcc-arm-none-eabi-10.3-2021.10/bin/../lib/gcc/arm-none-eabi/10.3.1/../../../../arm-none-eabi/lib/thumb/v7e-m+fp/hard\libg_nano.a(lib_a-puts.o)
                0x08001260                _puts_r
 .text.puts     0x0800133c       0x10 d:/at32ide/platform/tools/gcc-arm-none-eabi-10.3-2021.10/bin/../lib/gcc/arm-none-eabi/10.3.1/../../../../arm-none-eabi/lib/thumb/v7e-m+fp/hard\libg_nano.a(lib_a-puts.o)
                0x0800133c                puts
 .text.setvbuf  0x0800134c      0x18c d:/at32ide/platform/tools/gcc-arm-none-eabi-10.3-2021.10/bin/../lib/gcc/arm-none-eabi/10.3.1/../../../../arm-none-eabi/lib/thumb/v7e-m+fp/hard\libg_nano.a(lib_a-setvbuf.o)
                0x0800134c                setvbuf
 .text.__swbuf_r
                0x080014d8       0xa4 d:/at32ide/platform/tools/gcc-arm-none-eabi-10.3-2021.10/bin/../lib/gcc/arm-none-eabi/10.3.1/../../../../arm-none-eabi/lib/thumb/v7e-m+fp/hard\libg_nano.a(lib_a-wbuf.o)
                0x080014d8                __swbuf_r
 .text.__swsetup_r
                0x0800157c       0xdc d:/at32ide/platform/tools/gcc-arm-none-eabi-10.3-2021.10/bin/../lib/gcc/arm-none-eabi/10.3.1/../../../../arm-none-eabi/lib/thumb/v7e-m+fp/hard\libg_nano.a(lib_a-wsetup.o)
                0x0800157c                __swsetup_r
 .text.__sflush_r
                0x08001658      0x10c d:/at32ide/platform/tools/gcc-arm-none-eabi-10.3-2021.10/bin/../lib/gcc/arm-none-eabi/10.3.1/../../../../arm-none-eabi/lib/thumb/v7e-m+fp/hard\libg_nano.a(lib_a-fflush.o)
                0x08001658                __sflush_r
 .text._fflush_r
                0x08001764       0x78 d:/at32ide/platform/tools/gcc-arm-none-eabi-10.3-2021.10/bin/../lib/gcc/arm-none-eabi/10.3.1/../../../../arm-none-eabi/lib/thumb/v7e-m+fp/hard\libg_nano.a(lib_a-fflush.o)
                0x08001764                _fflush_r
 .text.std      0x080017dc       0x48 d:/at32ide/platform/tools/gcc-arm-none-eabi-10.3-2021.10/bin/../lib/gcc/arm-none-eabi/10.3.1/../../../../arm-none-eabi/lib/thumb/v7e-m+fp/hard\libg_nano.a(lib_a-findfp.o)
 .text._cleanup_r
                0x08001824        0xc d:/at32ide/platform/tools/gcc-arm-none-eabi-10.3-2021.10/bin/../lib/gcc/arm-none-eabi/10.3.1/../../../../arm-none-eabi/lib/thumb/v7e-m+fp/hard\libg_nano.a(lib_a-findfp.o)
                0x08001824                _cleanup_r
 .text.__sfmoreglue
                0x08001830       0x2c d:/at32ide/platform/tools/gcc-arm-none-eabi-10.3-2021.10/bin/../lib/gcc/arm-none-eabi/10.3.1/../../../../arm-none-eabi/lib/thumb/v7e-m+fp/hard\libg_nano.a(lib_a-findfp.o)
                0x08001830                __sfmoreglue
 .text.__sfp_lock_acquire
                0x0800185c        0xc d:/at32ide/platform/tools/gcc-arm-none-eabi-10.3-2021.10/bin/../lib/gcc/arm-none-eabi/10.3.1/../../../../arm-none-eabi/lib/thumb/v7e-m+fp/hard\libg_nano.a(lib_a-findfp.o)
                0x0800185c                __sfp_lock_acquire
 .text.__sfp_lock_release
                0x08001868        0xc d:/at32ide/platform/tools/gcc-arm-none-eabi-10.3-2021.10/bin/../lib/gcc/arm-none-eabi/10.3.1/../../../../arm-none-eabi/lib/thumb/v7e-m+fp/hard\libg_nano.a(lib_a-findfp.o)
                0x08001868                __sfp_lock_release
 .text.__sinit_lock_acquire
                0x08001874        0xc d:/at32ide/platform/tools/gcc-arm-none-eabi-10.3-2021.10/bin/../lib/gcc/arm-none-eabi/10.3.1/../../../../arm-none-eabi/lib/thumb/v7e-m+fp/hard\libg_nano.a(lib_a-findfp.o)
                0x08001874                __sinit_lock_acquire
 .text.__sinit_lock_release
                0x08001880        0xc d:/at32ide/platform/tools/gcc-arm-none-eabi-10.3-2021.10/bin/../lib/gcc/arm-none-eabi/10.3.1/../../../../arm-none-eabi/lib/thumb/v7e-m+fp/hard\libg_nano.a(lib_a-findfp.o)
                0x08001880                __sinit_lock_release
 .text.__sinit  0x0800188c       0x70 d:/at32ide/platform/tools/gcc-arm-none-eabi-10.3-2021.10/bin/../lib/gcc/arm-none-eabi/10.3.1/../../../../arm-none-eabi/lib/thumb/v7e-m+fp/hard\libg_nano.a(lib_a-findfp.o)
                0x0800188c                __sinit
 .text.__sfp    0x080018fc       0x8c d:/at32ide/platform/tools/gcc-arm-none-eabi-10.3-2021.10/bin/../lib/gcc/arm-none-eabi/10.3.1/../../../../arm-none-eabi/lib/thumb/v7e-m+fp/hard\libg_nano.a(lib_a-findfp.o)
                0x080018fc                __sfp
 .text._fwalk_reent
                0x08001988       0x3e d:/at32ide/platform/tools/gcc-arm-none-eabi-10.3-2021.10/bin/../lib/gcc/arm-none-eabi/10.3.1/../../../../arm-none-eabi/lib/thumb/v7e-m+fp/hard\libg_nano.a(lib_a-fwalk.o)
                0x08001988                _fwalk_reent
 .text.__retarget_lock_init_recursive
                0x080019c6        0x2 d:/at32ide/platform/tools/gcc-arm-none-eabi-10.3-2021.10/bin/../lib/gcc/arm-none-eabi/10.3.1/../../../../arm-none-eabi/lib/thumb/v7e-m+fp/hard\libg_nano.a(lib_a-lock.o)
                0x080019c6                __retarget_lock_init_recursive
 .text.__retarget_lock_acquire_recursive
                0x080019c8        0x2 d:/at32ide/platform/tools/gcc-arm-none-eabi-10.3-2021.10/bin/../lib/gcc/arm-none-eabi/10.3.1/../../../../arm-none-eabi/lib/thumb/v7e-m+fp/hard\libg_nano.a(lib_a-lock.o)
                0x080019c8                __retarget_lock_acquire_recursive
 .text.__retarget_lock_release_recursive
                0x080019ca        0x2 d:/at32ide/platform/tools/gcc-arm-none-eabi-10.3-2021.10/bin/../lib/gcc/arm-none-eabi/10.3.1/../../../../arm-none-eabi/lib/thumb/v7e-m+fp/hard\libg_nano.a(lib_a-lock.o)
                0x080019ca                __retarget_lock_release_recursive
 .text.__swhatbuf_r
                0x080019cc       0x4a d:/at32ide/platform/tools/gcc-arm-none-eabi-10.3-2021.10/bin/../lib/gcc/arm-none-eabi/10.3.1/../../../../arm-none-eabi/lib/thumb/v7e-m+fp/hard\libg_nano.a(lib_a-makebuf.o)
                0x080019cc                __swhatbuf_r
 *fill*         0x08001a16        0x2 
 .text.__smakebuf_r
                0x08001a18       0x80 d:/at32ide/platform/tools/gcc-arm-none-eabi-10.3-2021.10/bin/../lib/gcc/arm-none-eabi/10.3.1/../../../../arm-none-eabi/lib/thumb/v7e-m+fp/hard\libg_nano.a(lib_a-makebuf.o)
                0x08001a18                __smakebuf_r
 .text.malloc   0x08001a98       0x10 d:/at32ide/platform/tools/gcc-arm-none-eabi-10.3-2021.10/bin/../lib/gcc/arm-none-eabi/10.3.1/../../../../arm-none-eabi/lib/thumb/v7e-m+fp/hard\libg_nano.a(lib_a-malloc.o)
                0x08001a98                malloc
 .text._free_r  0x08001aa8       0x98 d:/at32ide/platform/tools/gcc-arm-none-eabi-10.3-2021.10/bin/../lib/gcc/arm-none-eabi/10.3.1/../../../../arm-none-eabi/lib/thumb/v7e-m+fp/hard\libg_nano.a(lib_a-nano-freer.o)
                0x08001aa8                _free_r
 .text.sbrk_aligned
                0x08001b40       0x40 d:/at32ide/platform/tools/gcc-arm-none-eabi-10.3-2021.10/bin/../lib/gcc/arm-none-eabi/10.3.1/../../../../arm-none-eabi/lib/thumb/v7e-m+fp/hard\libg_nano.a(lib_a-nano-mallocr.o)
 .text._malloc_r
                0x08001b80       0xe8 d:/at32ide/platform/tools/gcc-arm-none-eabi-10.3-2021.10/bin/../lib/gcc/arm-none-eabi/10.3.1/../../../../arm-none-eabi/lib/thumb/v7e-m+fp/hard\libg_nano.a(lib_a-nano-mallocr.o)
                0x08001b80                _malloc_r
 .text.__sfputc_r
                0x08001c68       0x2e d:/at32ide/platform/tools/gcc-arm-none-eabi-10.3-2021.10/bin/../lib/gcc/arm-none-eabi/10.3.1/../../../../arm-none-eabi/lib/thumb/v7e-m+fp/hard\libg_nano.a(lib_a-nano-vfprintf.o)
 .text.__sfputs_r
                0x08001c96       0x24 d:/at32ide/platform/tools/gcc-arm-none-eabi-10.3-2021.10/bin/../lib/gcc/arm-none-eabi/10.3.1/../../../../arm-none-eabi/lib/thumb/v7e-m+fp/hard\libg_nano.a(lib_a-nano-vfprintf.o)
                0x08001c96                __sfputs_r
 *fill*         0x08001cba        0x2 
 .text._vfprintf_r
                0x08001cbc      0x260 d:/at32ide/platform/tools/gcc-arm-none-eabi-10.3-2021.10/bin/../lib/gcc/arm-none-eabi/10.3.1/../../../../arm-none-eabi/lib/thumb/v7e-m+fp/hard\libg_nano.a(lib_a-nano-vfprintf.o)
                0x08001cbc                _vfprintf_r
                0x08001cbc                _vfiprintf_r
 .text._printf_common
                0x08001f1c       0xda d:/at32ide/platform/tools/gcc-arm-none-eabi-10.3-2021.10/bin/../lib/gcc/arm-none-eabi/10.3.1/../../../../arm-none-eabi/lib/thumb/v7e-m+fp/hard\libg_nano.a(lib_a-nano-vfprintf_i.o)
                0x08001f1c                _printf_common
 *fill*         0x08001ff6        0x2 
 .text._printf_i
                0x08001ff8      0x24c d:/at32ide/platform/tools/gcc-arm-none-eabi-10.3-2021.10/bin/../lib/gcc/arm-none-eabi/10.3.1/../../../../arm-none-eabi/lib/thumb/v7e-m+fp/hard\libg_nano.a(lib_a-nano-vfprintf_i.o)
                0x08001ff8                _printf_i
 .text._sbrk_r  0x08002244       0x20 d:/at32ide/platform/tools/gcc-arm-none-eabi-10.3-2021.10/bin/../lib/gcc/arm-none-eabi/10.3.1/../../../../arm-none-eabi/lib/thumb/v7e-m+fp/hard\libg_nano.a(lib_a-sbrkr.o)
                0x08002244                _sbrk_r
 .text.__sread  0x08002264       0x22 d:/at32ide/platform/tools/gcc-arm-none-eabi-10.3-2021.10/bin/../lib/gcc/arm-none-eabi/10.3.1/../../../../arm-none-eabi/lib/thumb/v7e-m+fp/hard\libg_nano.a(lib_a-stdio.o)
                0x08002264                __sread
 .text.__swrite
                0x08002286       0x38 d:/at32ide/platform/tools/gcc-arm-none-eabi-10.3-2021.10/bin/../lib/gcc/arm-none-eabi/10.3.1/../../../../arm-none-eabi/lib/thumb/v7e-m+fp/hard\libg_nano.a(lib_a-stdio.o)
                0x08002286                __swrite
 .text.__sseek  0x080022be       0x24 d:/at32ide/platform/tools/gcc-arm-none-eabi-10.3-2021.10/bin/../lib/gcc/arm-none-eabi/10.3.1/../../../../arm-none-eabi/lib/thumb/v7e-m+fp/hard\libg_nano.a(lib_a-stdio.o)
                0x080022be                __sseek
 .text.__sclose
                0x080022e2        0x8 d:/at32ide/platform/tools/gcc-arm-none-eabi-10.3-2021.10/bin/../lib/gcc/arm-none-eabi/10.3.1/../../../../arm-none-eabi/lib/thumb/v7e-m+fp/hard\libg_nano.a(lib_a-stdio.o)
                0x080022e2                __sclose
 *fill*         0x080022ea        0x2 
 .text._write_r
                0x080022ec       0x24 d:/at32ide/platform/tools/gcc-arm-none-eabi-10.3-2021.10/bin/../lib/gcc/arm-none-eabi/10.3.1/../../../../arm-none-eabi/lib/thumb/v7e-m+fp/hard\libg_nano.a(lib_a-writer.o)
                0x080022ec                _write_r
 .text._close_r
                0x08002310       0x20 d:/at32ide/platform/tools/gcc-arm-none-eabi-10.3-2021.10/bin/../lib/gcc/arm-none-eabi/10.3.1/../../../../arm-none-eabi/lib/thumb/v7e-m+fp/hard\libg_nano.a(lib_a-closer.o)
                0x08002310                _close_r
 .text._fstat_r
                0x08002330       0x24 d:/at32ide/platform/tools/gcc-arm-none-eabi-10.3-2021.10/bin/../lib/gcc/arm-none-eabi/10.3.1/../../../../arm-none-eabi/lib/thumb/v7e-m+fp/hard\libg_nano.a(lib_a-fstatr.o)
                0x08002330                _fstat_r
 .text._isatty_r
                0x08002354       0x20 d:/at32ide/platform/tools/gcc-arm-none-eabi-10.3-2021.10/bin/../lib/gcc/arm-none-eabi/10.3.1/../../../../arm-none-eabi/lib/thumb/v7e-m+fp/hard\libg_nano.a(lib_a-isattyr.o)
                0x08002354                _isatty_r
 .text._lseek_r
                0x08002374       0x24 d:/at32ide/platform/tools/gcc-arm-none-eabi-10.3-2021.10/bin/../lib/gcc/arm-none-eabi/10.3.1/../../../../arm-none-eabi/lib/thumb/v7e-m+fp/hard\libg_nano.a(lib_a-lseekr.o)
                0x08002374                _lseek_r
 .text.__malloc_lock
                0x08002398        0xc d:/at32ide/platform/tools/gcc-arm-none-eabi-10.3-2021.10/bin/../lib/gcc/arm-none-eabi/10.3.1/../../../../arm-none-eabi/lib/thumb/v7e-m+fp/hard\libg_nano.a(lib_a-mlock.o)
                0x08002398                __malloc_lock
 .text.__malloc_unlock
                0x080023a4        0xc d:/at32ide/platform/tools/gcc-arm-none-eabi-10.3-2021.10/bin/../lib/gcc/arm-none-eabi/10.3.1/../../../../arm-none-eabi/lib/thumb/v7e-m+fp/hard\libg_nano.a(lib_a-mlock.o)
                0x080023a4                __malloc_unlock
 .text._read_r  0x080023b0       0x24 d:/at32ide/platform/tools/gcc-arm-none-eabi-10.3-2021.10/bin/../lib/gcc/arm-none-eabi/10.3.1/../../../../arm-none-eabi/lib/thumb/v7e-m+fp/hard\libg_nano.a(lib_a-readr.o)
                0x080023b0                _read_r
 .text._close   0x080023d4       0x10 d:/at32ide/platform/tools/gcc-arm-none-eabi-10.3-2021.10/bin/../lib/gcc/arm-none-eabi/10.3.1/../../../../arm-none-eabi/lib/thumb/v7e-m+fp/hard\libnosys.a(close.o)
                0x080023d4                _close
 .text._fstat   0x080023e4       0x10 d:/at32ide/platform/tools/gcc-arm-none-eabi-10.3-2021.10/bin/../lib/gcc/arm-none-eabi/10.3.1/../../../../arm-none-eabi/lib/thumb/v7e-m+fp/hard\libnosys.a(fstat.o)
                0x080023e4                _fstat
 .text._isatty  0x080023f4       0x10 d:/at32ide/platform/tools/gcc-arm-none-eabi-10.3-2021.10/bin/../lib/gcc/arm-none-eabi/10.3.1/../../../../arm-none-eabi/lib/thumb/v7e-m+fp/hard\libnosys.a(isatty.o)
                0x080023f4                _isatty
 .text._lseek   0x08002404       0x10 d:/at32ide/platform/tools/gcc-arm-none-eabi-10.3-2021.10/bin/../lib/gcc/arm-none-eabi/10.3.1/../../../../arm-none-eabi/lib/thumb/v7e-m+fp/hard\libnosys.a(lseek.o)
                0x08002404                _lseek
 .text._read    0x08002414       0x10 d:/at32ide/platform/tools/gcc-arm-none-eabi-10.3-2021.10/bin/../lib/gcc/arm-none-eabi/10.3.1/../../../../arm-none-eabi/lib/thumb/v7e-m+fp/hard\libnosys.a(read.o)
                0x08002414                _read
 .text._sbrk    0x08002424       0x1c d:/at32ide/platform/tools/gcc-arm-none-eabi-10.3-2021.10/bin/../lib/gcc/arm-none-eabi/10.3.1/../../../../arm-none-eabi/lib/thumb/v7e-m+fp/hard\libnosys.a(sbrk.o)
                0x08002424                _sbrk
 *(.glue_7)
 .glue_7        0x08002440        0x0 linker stubs
 *(.glue_7t)
 .glue_7t       0x08002440        0x0 linker stubs
 *(.eh_frame)
 .eh_frame      0x08002440        0x0 d:/at32ide/platform/tools/gcc-arm-none-eabi-10.3-2021.10/bin/../lib/gcc/arm-none-eabi/10.3.1/thumb/v7e-m+fp/hard/crtbegin.o
 *(.init)
 .init          0x08002440        0x4 d:/at32ide/platform/tools/gcc-arm-none-eabi-10.3-2021.10/bin/../lib/gcc/arm-none-eabi/10.3.1/thumb/v7e-m+fp/hard/crti.o
                0x08002440                _init
 .init          0x08002444        0x8 d:/at32ide/platform/tools/gcc-arm-none-eabi-10.3-2021.10/bin/../lib/gcc/arm-none-eabi/10.3.1/thumb/v7e-m+fp/hard/crtn.o
 *(.fini)
 .fini          0x0800244c        0x4 d:/at32ide/platform/tools/gcc-arm-none-eabi-10.3-2021.10/bin/../lib/gcc/arm-none-eabi/10.3.1/thumb/v7e-m+fp/hard/crti.o
                0x0800244c                _fini
 .fini          0x08002450        0x8 d:/at32ide/platform/tools/gcc-arm-none-eabi-10.3-2021.10/bin/../lib/gcc/arm-none-eabi/10.3.1/thumb/v7e-m+fp/hard/crtn.o
                0x08002458                . = ALIGN (0x4)
                0x08002458                _etext = .

.vfp11_veneer   0x08002458        0x0
 .vfp11_veneer  0x08002458        0x0 linker stubs

.v4_bx          0x08002458        0x0
 .v4_bx         0x08002458        0x0 linker stubs

.iplt           0x08002458        0x0
 .iplt          0x08002458        0x0 d:/at32ide/platform/tools/gcc-arm-none-eabi-10.3-2021.10/bin/../lib/gcc/arm-none-eabi/10.3.1/thumb/v7e-m+fp/hard/crtbegin.o

.rodata         0x08002458      0x10c
                0x08002458                . = ALIGN (0x4)
 *(.rodata)
 .rodata        0x08002458       0x3a ./user/main.o
 *fill*         0x08002492        0x2 
 .rodata        0x08002494       0x28 ./firmware/at32f403a_407_crm.o
 .rodata        0x080024bc       0x10 ./cmsis/system_at32f403a_407.o
 *(.rodata*)
 .rodata._global_impure_ptr
                0x080024cc        0x4 d:/at32ide/platform/tools/gcc-arm-none-eabi-10.3-2021.10/bin/../lib/gcc/arm-none-eabi/10.3.1/../../../../arm-none-eabi/lib/thumb/v7e-m+fp/hard\libg_nano.a(lib_a-impure.o)
                0x080024cc                _global_impure_ptr
 .rodata.__sf_fake_stderr
                0x080024d0       0x20 d:/at32ide/platform/tools/gcc-arm-none-eabi-10.3-2021.10/bin/../lib/gcc/arm-none-eabi/10.3.1/../../../../arm-none-eabi/lib/thumb/v7e-m+fp/hard\libg_nano.a(lib_a-findfp.o)
                0x080024d0                __sf_fake_stderr
 .rodata.__sf_fake_stdin
                0x080024f0       0x20 d:/at32ide/platform/tools/gcc-arm-none-eabi-10.3-2021.10/bin/../lib/gcc/arm-none-eabi/10.3.1/../../../../arm-none-eabi/lib/thumb/v7e-m+fp/hard\libg_nano.a(lib_a-findfp.o)
                0x080024f0                __sf_fake_stdin
 .rodata.__sf_fake_stdout
                0x08002510       0x20 d:/at32ide/platform/tools/gcc-arm-none-eabi-10.3-2021.10/bin/../lib/gcc/arm-none-eabi/10.3.1/../../../../arm-none-eabi/lib/thumb/v7e-m+fp/hard\libg_nano.a(lib_a-findfp.o)
                0x08002510                __sf_fake_stdout
 .rodata._vfprintf_r.str1.1
                0x08002530       0x11 d:/at32ide/platform/tools/gcc-arm-none-eabi-10.3-2021.10/bin/../lib/gcc/arm-none-eabi/10.3.1/../../../../arm-none-eabi/lib/thumb/v7e-m+fp/hard\libg_nano.a(lib_a-nano-vfprintf.o)
 .rodata._printf_i.str1.1
                0x08002541       0x22 d:/at32ide/platform/tools/gcc-arm-none-eabi-10.3-2021.10/bin/../lib/gcc/arm-none-eabi/10.3.1/../../../../arm-none-eabi/lib/thumb/v7e-m+fp/hard\libg_nano.a(lib_a-nano-vfprintf_i.o)
                0x08002564                . = ALIGN (0x4)
 *fill*         0x08002563        0x1 

.rel.dyn        0x08002564        0x0
 .rel.iplt      0x08002564        0x0 d:/at32ide/platform/tools/gcc-arm-none-eabi-10.3-2021.10/bin/../lib/gcc/arm-none-eabi/10.3.1/thumb/v7e-m+fp/hard/crtbegin.o

.ARM.extab
 *(.ARM.extab* .gnu.linkonce.armextab.*)

.ARM            0x08002564        0x0
                0x08002564                __exidx_start = .
 *(.ARM.exidx*)
                0x08002564                __exidx_end = .

.preinit_array  0x08002564        0x0
                0x08002564                PROVIDE (__preinit_array_start = .)
 *(.preinit_array*)
                0x08002564                PROVIDE (__preinit_array_end = .)

.init_array     0x08002564        0x4
                0x08002564                PROVIDE (__init_array_start = .)
 *(SORT_BY_NAME(.init_array.*))
 *(.init_array*)
 .init_array    0x08002564        0x4 d:/at32ide/platform/tools/gcc-arm-none-eabi-10.3-2021.10/bin/../lib/gcc/arm-none-eabi/10.3.1/thumb/v7e-m+fp/hard/crtbegin.o
                0x08002568                PROVIDE (__init_array_end = .)

.fini_array     0x08002568        0x4
                [!provide]                PROVIDE (__fini_array_start = .)
 *(SORT_BY_NAME(.fini_array.*))
 *(.fini_array*)
 .fini_array    0x08002568        0x4 d:/at32ide/platform/tools/gcc-arm-none-eabi-10.3-2021.10/bin/../lib/gcc/arm-none-eabi/10.3.1/thumb/v7e-m+fp/hard/crtbegin.o
                [!provide]                PROVIDE (__fini_array_end = .)
                0x0800256c                _sidata = LOADADDR (.data)

.data           0x20000000       0x8c load address 0x0800256c
                0x20000000                . = ALIGN (0x4)
                0x20000000                _sdata = .
 *(.data)
 .data          0x20000000        0x4 ./cmsis/system_at32f403a_407.o
                0x20000000                system_core_clock
 .data          0x20000004       0x21 ./bsp/at32f403a_407_board.o
                0x20000004                led_gpio_port
                0x20000010                led_gpio_pin
                0x20000018                led_gpio_crm_clk
 *(.data*)
 *fill*         0x20000025        0x3 
 .data._impure_ptr
                0x20000028        0x4 d:/at32ide/platform/tools/gcc-arm-none-eabi-10.3-2021.10/bin/../lib/gcc/arm-none-eabi/10.3.1/../../../../arm-none-eabi/lib/thumb/v7e-m+fp/hard\libg_nano.a(lib_a-impure.o)
                0x20000028                _impure_ptr
 .data.impure_data
                0x2000002c       0x60 d:/at32ide/platform/tools/gcc-arm-none-eabi-10.3-2021.10/bin/../lib/gcc/arm-none-eabi/10.3.1/../../../../arm-none-eabi/lib/thumb/v7e-m+fp/hard\libg_nano.a(lib_a-impure.o)
                0x2000008c                . = ALIGN (0x4)
                0x2000008c                _edata = .
                0x08400000                _spim_init_base = LOADADDR (.spim)
                0x00000000                _spim_init_length = SIZEOF (.spim)

.igot.plt       0x2000008c        0x0 load address 0x080025f8
 .igot.plt      0x2000008c        0x0 d:/at32ide/platform/tools/gcc-arm-none-eabi-10.3-2021.10/bin/../lib/gcc/arm-none-eabi/10.3.1/thumb/v7e-m+fp/hard/crtbegin.o

.spim           0x08400000        0x0
                0x08400000                . = ALIGN (0x4)
                0x08400000                _spim_start = .
 *(.spim)
 *(.spim*)
                0x08400000                . = ALIGN (0x4)
                0x08400000                _spim_end = .
                0x08400000                . = ALIGN (0x4)

.bss            0x2000008c       0x3c
                0x2000008c                _sbss = .
                0x2000008c                __bss_start__ = _sbss
 *(.bss)
 .bss           0x2000008c       0x1c d:/at32ide/platform/tools/gcc-arm-none-eabi-10.3-2021.10/bin/../lib/gcc/arm-none-eabi/10.3.1/thumb/v7e-m+fp/hard/crtbegin.o
 .bss           0x200000a8        0x4 ./user/main.o
                0x200000a8                time_cnt
 .bss           0x200000ac        0x8 ./bsp/at32f403a_407_board.o
 *(.bss*)
 .bss.__lock___malloc_recursive_mutex
                0x200000b4        0x1 d:/at32ide/platform/tools/gcc-arm-none-eabi-10.3-2021.10/bin/../lib/gcc/arm-none-eabi/10.3.1/../../../../arm-none-eabi/lib/thumb/v7e-m+fp/hard\libg_nano.a(lib_a-lock.o)
                0x200000b4                __lock___malloc_recursive_mutex
 .bss.__lock___sfp_recursive_mutex
                0x200000b5        0x1 d:/at32ide/platform/tools/gcc-arm-none-eabi-10.3-2021.10/bin/../lib/gcc/arm-none-eabi/10.3.1/../../../../arm-none-eabi/lib/thumb/v7e-m+fp/hard\libg_nano.a(lib_a-lock.o)
                0x200000b5                __lock___sfp_recursive_mutex
 .bss.__lock___sinit_recursive_mutex
                0x200000b6        0x1 d:/at32ide/platform/tools/gcc-arm-none-eabi-10.3-2021.10/bin/../lib/gcc/arm-none-eabi/10.3.1/../../../../arm-none-eabi/lib/thumb/v7e-m+fp/hard\libg_nano.a(lib_a-lock.o)
                0x200000b6                __lock___sinit_recursive_mutex
 *fill*         0x200000b7        0x1 
 .bss.__malloc_free_list
                0x200000b8        0x4 d:/at32ide/platform/tools/gcc-arm-none-eabi-10.3-2021.10/bin/../lib/gcc/arm-none-eabi/10.3.1/../../../../arm-none-eabi/lib/thumb/v7e-m+fp/hard\libg_nano.a(lib_a-nano-mallocr.o)
                0x200000b8                __malloc_free_list
 .bss.__malloc_sbrk_start
                0x200000bc        0x4 d:/at32ide/platform/tools/gcc-arm-none-eabi-10.3-2021.10/bin/../lib/gcc/arm-none-eabi/10.3.1/../../../../arm-none-eabi/lib/thumb/v7e-m+fp/hard\libg_nano.a(lib_a-nano-mallocr.o)
                0x200000bc                __malloc_sbrk_start
 .bss.errno     0x200000c0        0x4 d:/at32ide/platform/tools/gcc-arm-none-eabi-10.3-2021.10/bin/../lib/gcc/arm-none-eabi/10.3.1/../../../../arm-none-eabi/lib/thumb/v7e-m+fp/hard\libg_nano.a(lib_a-reent.o)
                0x200000c0                errno
 .bss.heap_end.0
                0x200000c4        0x4 d:/at32ide/platform/tools/gcc-arm-none-eabi-10.3-2021.10/bin/../lib/gcc/arm-none-eabi/10.3.1/../../../../arm-none-eabi/lib/thumb/v7e-m+fp/hard\libnosys.a(sbrk.o)
 *(COMMON)
                0x200000c8                . = ALIGN (0x4)
                0x200000c8                _ebss = .
                0x200000c8                __bss_end__ = _ebss

._user_heap_stack
                0x200000c8      0x600
                0x200000c8                . = ALIGN (0x8)
                0x200000c8                PROVIDE (end = .)
                [!provide]                PROVIDE (_end = .)
                0x200002c8                . = (. + _Min_Heap_Size)
 *fill*         0x200000c8      0x200 
                0x200006c8                . = (. + _Min_Stack_Size)
 *fill*         0x200002c8      0x400 
                0x200006c8                . = ALIGN (0x8)

/DISCARD/
 libc.a(*)
 libm.a(*)
 libgcc.a(*)

.ARM.attributes
                0x00000000       0x30
 *(.ARM.attributes)
 .ARM.attributes
                0x00000000       0x1e d:/at32ide/platform/tools/gcc-arm-none-eabi-10.3-2021.10/bin/../lib/gcc/arm-none-eabi/10.3.1/thumb/v7e-m+fp/hard/crti.o
 .ARM.attributes
                0x0000001e       0x34 d:/at32ide/platform/tools/gcc-arm-none-eabi-10.3-2021.10/bin/../lib/gcc/arm-none-eabi/10.3.1/thumb/v7e-m+fp/hard/crtbegin.o
 .ARM.attributes
                0x00000052       0x34 ./user/at32f403a_407_clock.o
 .ARM.attributes
                0x00000086       0x34 ./user/at32f403a_407_int.o
 .ARM.attributes
                0x000000ba       0x34 ./user/main.o
 .ARM.attributes
                0x000000ee       0x34 ./firmware/at32f403a_407_crm.o
 .ARM.attributes
                0x00000122       0x34 ./firmware/at32f403a_407_gpio.o
 .ARM.attributes
                0x00000156       0x34 ./firmware/at32f403a_407_misc.o
 .ARM.attributes
                0x0000018a       0x34 ./firmware/at32f403a_407_usart.o
 .ARM.attributes
                0x000001be       0x21 ./cmsis/startup_at32f403a_407.o
 .ARM.attributes
                0x000001df       0x34 ./cmsis/system_at32f403a_407.o
 .ARM.attributes
                0x00000213       0x34 ./bsp/at32f403a_407_board.o
 .ARM.attributes
                0x00000247       0x34 d:/at32ide/platform/tools/gcc-arm-none-eabi-10.3-2021.10/bin/../lib/gcc/arm-none-eabi/10.3.1/../../../../arm-none-eabi/lib/thumb/v7e-m+fp/hard\libg_nano.a(lib_a-impure.o)
 .ARM.attributes
                0x0000027b       0x34 d:/at32ide/platform/tools/gcc-arm-none-eabi-10.3-2021.10/bin/../lib/gcc/arm-none-eabi/10.3.1/../../../../arm-none-eabi/lib/thumb/v7e-m+fp/hard\libg_nano.a(lib_a-init.o)
 .ARM.attributes
                0x000002af       0x34 d:/at32ide/platform/tools/gcc-arm-none-eabi-10.3-2021.10/bin/../lib/gcc/arm-none-eabi/10.3.1/../../../../arm-none-eabi/lib/thumb/v7e-m+fp/hard\libg_nano.a(lib_a-memset.o)
 .ARM.attributes
                0x000002e3       0x34 d:/at32ide/platform/tools/gcc-arm-none-eabi-10.3-2021.10/bin/../lib/gcc/arm-none-eabi/10.3.1/../../../../arm-none-eabi/lib/thumb/v7e-m+fp/hard\libg_nano.a(lib_a-printf.o)
 .ARM.attributes
                0x00000317       0x34 d:/at32ide/platform/tools/gcc-arm-none-eabi-10.3-2021.10/bin/../lib/gcc/arm-none-eabi/10.3.1/../../../../arm-none-eabi/lib/thumb/v7e-m+fp/hard\libg_nano.a(lib_a-puts.o)
 .ARM.attributes
                0x0000034b       0x34 d:/at32ide/platform/tools/gcc-arm-none-eabi-10.3-2021.10/bin/../lib/gcc/arm-none-eabi/10.3.1/../../../../arm-none-eabi/lib/thumb/v7e-m+fp/hard\libg_nano.a(lib_a-setvbuf.o)
 .ARM.attributes
                0x0000037f       0x34 d:/at32ide/platform/tools/gcc-arm-none-eabi-10.3-2021.10/bin/../lib/gcc/arm-none-eabi/10.3.1/../../../../arm-none-eabi/lib/thumb/v7e-m+fp/hard\libg_nano.a(lib_a-wbuf.o)
 .ARM.attributes
                0x000003b3       0x34 d:/at32ide/platform/tools/gcc-arm-none-eabi-10.3-2021.10/bin/../lib/gcc/arm-none-eabi/10.3.1/../../../../arm-none-eabi/lib/thumb/v7e-m+fp/hard\libg_nano.a(lib_a-wsetup.o)
 .ARM.attributes
                0x000003e7       0x34 d:/at32ide/platform/tools/gcc-arm-none-eabi-10.3-2021.10/bin/../lib/gcc/arm-none-eabi/10.3.1/../../../../arm-none-eabi/lib/thumb/v7e-m+fp/hard\libg_nano.a(lib_a-fflush.o)
 .ARM.attributes
                0x0000041b       0x34 d:/at32ide/platform/tools/gcc-arm-none-eabi-10.3-2021.10/bin/../lib/gcc/arm-none-eabi/10.3.1/../../../../arm-none-eabi/lib/thumb/v7e-m+fp/hard\libg_nano.a(lib_a-findfp.o)
 .ARM.attributes
                0x0000044f       0x34 d:/at32ide/platform/tools/gcc-arm-none-eabi-10.3-2021.10/bin/../lib/gcc/arm-none-eabi/10.3.1/../../../../arm-none-eabi/lib/thumb/v7e-m+fp/hard\libg_nano.a(lib_a-fwalk.o)
 .ARM.attributes
                0x00000483       0x34 d:/at32ide/platform/tools/gcc-arm-none-eabi-10.3-2021.10/bin/../lib/gcc/arm-none-eabi/10.3.1/../../../../arm-none-eabi/lib/thumb/v7e-m+fp/hard\libg_nano.a(lib_a-lock.o)
 .ARM.attributes
                0x000004b7       0x34 d:/at32ide/platform/tools/gcc-arm-none-eabi-10.3-2021.10/bin/../lib/gcc/arm-none-eabi/10.3.1/../../../../arm-none-eabi/lib/thumb/v7e-m+fp/hard\libg_nano.a(lib_a-makebuf.o)
 .ARM.attributes
                0x000004eb       0x34 d:/at32ide/platform/tools/gcc-arm-none-eabi-10.3-2021.10/bin/../lib/gcc/arm-none-eabi/10.3.1/../../../../arm-none-eabi/lib/thumb/v7e-m+fp/hard\libg_nano.a(lib_a-malloc.o)
 .ARM.attributes
                0x0000051f       0x34 d:/at32ide/platform/tools/gcc-arm-none-eabi-10.3-2021.10/bin/../lib/gcc/arm-none-eabi/10.3.1/../../../../arm-none-eabi/lib/thumb/v7e-m+fp/hard\libg_nano.a(lib_a-nano-freer.o)
 .ARM.attributes
                0x00000553       0x34 d:/at32ide/platform/tools/gcc-arm-none-eabi-10.3-2021.10/bin/../lib/gcc/arm-none-eabi/10.3.1/../../../../arm-none-eabi/lib/thumb/v7e-m+fp/hard\libg_nano.a(lib_a-nano-mallocr.o)
 .ARM.attributes
                0x00000587       0x34 d:/at32ide/platform/tools/gcc-arm-none-eabi-10.3-2021.10/bin/../lib/gcc/arm-none-eabi/10.3.1/../../../../arm-none-eabi/lib/thumb/v7e-m+fp/hard\libg_nano.a(lib_a-nano-vfprintf.o)
 .ARM.attributes
                0x000005bb       0x34 d:/at32ide/platform/tools/gcc-arm-none-eabi-10.3-2021.10/bin/../lib/gcc/arm-none-eabi/10.3.1/../../../../arm-none-eabi/lib/thumb/v7e-m+fp/hard\libg_nano.a(lib_a-nano-vfprintf_i.o)
 .ARM.attributes
                0x000005ef       0x34 d:/at32ide/platform/tools/gcc-arm-none-eabi-10.3-2021.10/bin/../lib/gcc/arm-none-eabi/10.3.1/../../../../arm-none-eabi/lib/thumb/v7e-m+fp/hard\libg_nano.a(lib_a-sbrkr.o)
 .ARM.attributes
                0x00000623       0x34 d:/at32ide/platform/tools/gcc-arm-none-eabi-10.3-2021.10/bin/../lib/gcc/arm-none-eabi/10.3.1/../../../../arm-none-eabi/lib/thumb/v7e-m+fp/hard\libg_nano.a(lib_a-stdio.o)
 .ARM.attributes
                0x00000657       0x34 d:/at32ide/platform/tools/gcc-arm-none-eabi-10.3-2021.10/bin/../lib/gcc/arm-none-eabi/10.3.1/../../../../arm-none-eabi/lib/thumb/v7e-m+fp/hard\libg_nano.a(lib_a-writer.o)
 .ARM.attributes
                0x0000068b       0x34 d:/at32ide/platform/tools/gcc-arm-none-eabi-10.3-2021.10/bin/../lib/gcc/arm-none-eabi/10.3.1/../../../../arm-none-eabi/lib/thumb/v7e-m+fp/hard\libg_nano.a(lib_a-closer.o)
 .ARM.attributes
                0x000006bf       0x34 d:/at32ide/platform/tools/gcc-arm-none-eabi-10.3-2021.10/bin/../lib/gcc/arm-none-eabi/10.3.1/../../../../arm-none-eabi/lib/thumb/v7e-m+fp/hard\libg_nano.a(lib_a-fstatr.o)
 .ARM.attributes
                0x000006f3       0x34 d:/at32ide/platform/tools/gcc-arm-none-eabi-10.3-2021.10/bin/../lib/gcc/arm-none-eabi/10.3.1/../../../../arm-none-eabi/lib/thumb/v7e-m+fp/hard\libg_nano.a(lib_a-isattyr.o)
 .ARM.attributes
                0x00000727       0x34 d:/at32ide/platform/tools/gcc-arm-none-eabi-10.3-2021.10/bin/../lib/gcc/arm-none-eabi/10.3.1/../../../../arm-none-eabi/lib/thumb/v7e-m+fp/hard\libg_nano.a(lib_a-lseekr.o)
 .ARM.attributes
                0x0000075b       0x1c d:/at32ide/platform/tools/gcc-arm-none-eabi-10.3-2021.10/bin/../lib/gcc/arm-none-eabi/10.3.1/../../../../arm-none-eabi/lib/thumb/v7e-m+fp/hard\libg_nano.a(lib_a-memchr.o)
 .ARM.attributes
                0x00000777       0x34 d:/at32ide/platform/tools/gcc-arm-none-eabi-10.3-2021.10/bin/../lib/gcc/arm-none-eabi/10.3.1/../../../../arm-none-eabi/lib/thumb/v7e-m+fp/hard\libg_nano.a(lib_a-mlock.o)
 .ARM.attributes
                0x000007ab       0x34 d:/at32ide/platform/tools/gcc-arm-none-eabi-10.3-2021.10/bin/../lib/gcc/arm-none-eabi/10.3.1/../../../../arm-none-eabi/lib/thumb/v7e-m+fp/hard\libg_nano.a(lib_a-readr.o)
 .ARM.attributes
                0x000007df       0x34 d:/at32ide/platform/tools/gcc-arm-none-eabi-10.3-2021.10/bin/../lib/gcc/arm-none-eabi/10.3.1/../../../../arm-none-eabi/lib/thumb/v7e-m+fp/hard\libg_nano.a(lib_a-reent.o)
 .ARM.attributes
                0x00000813       0x34 d:/at32ide/platform/tools/gcc-arm-none-eabi-10.3-2021.10/bin/../lib/gcc/arm-none-eabi/10.3.1/../../../../arm-none-eabi/lib/thumb/v7e-m+fp/hard\libnosys.a(close.o)
 .ARM.attributes
                0x00000847       0x34 d:/at32ide/platform/tools/gcc-arm-none-eabi-10.3-2021.10/bin/../lib/gcc/arm-none-eabi/10.3.1/../../../../arm-none-eabi/lib/thumb/v7e-m+fp/hard\libnosys.a(fstat.o)
 .ARM.attributes
                0x0000087b       0x34 d:/at32ide/platform/tools/gcc-arm-none-eabi-10.3-2021.10/bin/../lib/gcc/arm-none-eabi/10.3.1/../../../../arm-none-eabi/lib/thumb/v7e-m+fp/hard\libnosys.a(isatty.o)
 .ARM.attributes
                0x000008af       0x34 d:/at32ide/platform/tools/gcc-arm-none-eabi-10.3-2021.10/bin/../lib/gcc/arm-none-eabi/10.3.1/../../../../arm-none-eabi/lib/thumb/v7e-m+fp/hard\libnosys.a(lseek.o)
 .ARM.attributes
                0x000008e3       0x34 d:/at32ide/platform/tools/gcc-arm-none-eabi-10.3-2021.10/bin/../lib/gcc/arm-none-eabi/10.3.1/../../../../arm-none-eabi/lib/thumb/v7e-m+fp/hard\libnosys.a(read.o)
 .ARM.attributes
                0x00000917       0x34 d:/at32ide/platform/tools/gcc-arm-none-eabi-10.3-2021.10/bin/../lib/gcc/arm-none-eabi/10.3.1/../../../../arm-none-eabi/lib/thumb/v7e-m+fp/hard\libnosys.a(sbrk.o)
 .ARM.attributes
                0x0000094b       0x1e d:/at32ide/platform/tools/gcc-arm-none-eabi-10.3-2021.10/bin/../lib/gcc/arm-none-eabi/10.3.1/thumb/v7e-m+fp/hard/crtn.o
OUTPUT(UsartPrint.elf elf32-littlearm)
LOAD linker stubs
LOAD d:/at32ide/platform/tools/gcc-arm-none-eabi-10.3-2021.10/bin/../lib/gcc/arm-none-eabi/10.3.1/../../../../arm-none-eabi/lib/thumb/v7e-m+fp/hard\libc.a
LOAD d:/at32ide/platform/tools/gcc-arm-none-eabi-10.3-2021.10/bin/../lib/gcc/arm-none-eabi/10.3.1/../../../../arm-none-eabi/lib/thumb/v7e-m+fp/hard\libm.a
LOAD d:/at32ide/platform/tools/gcc-arm-none-eabi-10.3-2021.10/bin/../lib/gcc/arm-none-eabi/10.3.1/thumb/v7e-m+fp/hard\libgcc.a

.debug_info     0x00000000     0x9a9d
 .debug_info    0x00000000      0x3cc ./user/at32f403a_407_clock.o
 .debug_info    0x000003cc      0x10e ./user/at32f403a_407_int.o
 .debug_info    0x000004da      0x136 ./user/main.o
 .debug_info    0x00000610     0x2336 ./firmware/at32f403a_407_crm.o
 .debug_info    0x00002946     0x1f20 ./firmware/at32f403a_407_gpio.o
 .debug_info    0x00004866      0x9de ./firmware/at32f403a_407_misc.o
 .debug_info    0x00005244     0x105a ./firmware/at32f403a_407_usart.o
 .debug_info    0x0000629e       0x22 ./cmsis/startup_at32f403a_407.o
 .debug_info    0x000062c0     0x1596 ./cmsis/system_at32f403a_407.o
 .debug_info    0x00007856     0x2247 ./bsp/at32f403a_407_board.o

.debug_abbrev   0x00000000      0xf8b
 .debug_abbrev  0x00000000       0x78 ./user/at32f403a_407_clock.o
 .debug_abbrev  0x00000078       0x44 ./user/at32f403a_407_int.o
 .debug_abbrev  0x000000bc       0x8b ./user/main.o
 .debug_abbrev  0x00000147      0x229 ./firmware/at32f403a_407_crm.o
 .debug_abbrev  0x00000370      0x215 ./firmware/at32f403a_407_gpio.o
 .debug_abbrev  0x00000585      0x245 ./firmware/at32f403a_407_misc.o
 .debug_abbrev  0x000007ca      0x237 ./firmware/at32f403a_407_usart.o
 .debug_abbrev  0x00000a01       0x12 ./cmsis/startup_at32f403a_407.o
 .debug_abbrev  0x00000a13      0x187 ./cmsis/system_at32f403a_407.o
 .debug_abbrev  0x00000b9a      0x3f1 ./bsp/at32f403a_407_board.o

.debug_aranges  0x00000000      0x4e0
 .debug_aranges
                0x00000000       0x20 ./user/at32f403a_407_clock.o
 .debug_aranges
                0x00000020       0x60 ./user/at32f403a_407_int.o
 .debug_aranges
                0x00000080       0x20 ./user/main.o
 .debug_aranges
                0x000000a0      0x130 ./firmware/at32f403a_407_crm.o
 .debug_aranges
                0x000001d0       0xa8 ./firmware/at32f403a_407_gpio.o
 .debug_aranges
                0x00000278       0x88 ./firmware/at32f403a_407_misc.o
 .debug_aranges
                0x00000300      0x100 ./firmware/at32f403a_407_usart.o
 .debug_aranges
                0x00000400       0x28 ./cmsis/startup_at32f403a_407.o
 .debug_aranges
                0x00000428       0x28 ./cmsis/system_at32f403a_407.o
 .debug_aranges
                0x00000450       0x90 ./bsp/at32f403a_407_board.o

.debug_ranges   0x00000000      0x448
 .debug_ranges  0x00000000       0x10 ./user/at32f403a_407_clock.o
 .debug_ranges  0x00000010       0x50 ./user/at32f403a_407_int.o
 .debug_ranges  0x00000060       0x10 ./user/main.o
 .debug_ranges  0x00000070      0x120 ./firmware/at32f403a_407_crm.o
 .debug_ranges  0x00000190       0x98 ./firmware/at32f403a_407_gpio.o
 .debug_ranges  0x00000228       0x78 ./firmware/at32f403a_407_misc.o
 .debug_ranges  0x000002a0       0xf0 ./firmware/at32f403a_407_usart.o
 .debug_ranges  0x00000390       0x20 ./cmsis/startup_at32f403a_407.o
 .debug_ranges  0x000003b0       0x18 ./cmsis/system_at32f403a_407.o
 .debug_ranges  0x000003c8       0x80 ./bsp/at32f403a_407_board.o

.debug_line     0x00000000     0x2579
 .debug_line    0x00000000      0x1dd ./user/at32f403a_407_clock.o
 .debug_line    0x000001dd       0xfc ./user/at32f403a_407_int.o
 .debug_line    0x000002d9      0x15e ./user/main.o
 .debug_line    0x00000437      0x820 ./firmware/at32f403a_407_crm.o
 .debug_line    0x00000c57      0x581 ./firmware/at32f403a_407_gpio.o
 .debug_line    0x000011d8      0x441 ./firmware/at32f403a_407_misc.o
 .debug_line    0x00001619      0x574 ./firmware/at32f403a_407_usart.o
 .debug_line    0x00001b8d       0x7c ./cmsis/startup_at32f403a_407.o
 .debug_line    0x00001c09      0x339 ./cmsis/system_at32f403a_407.o
 .debug_line    0x00001f42      0x637 ./bsp/at32f403a_407_board.o

.debug_str      0x00000000     0x46e8
 .debug_str     0x00000000      0x7c5 ./user/at32f403a_407_clock.o
                                0x808 (size before relaxing)
 .debug_str     0x000007c5       0xac ./user/at32f403a_407_int.o
                                0x1fd (size before relaxing)
 .debug_str     0x00000871      0x1a5 ./user/main.o
                                0x30f (size before relaxing)
 .debug_str     0x00000a16     0x1923 ./firmware/at32f403a_407_crm.o
                               0x2142 (size before relaxing)
 .debug_str     0x00002339      0xd83 ./firmware/at32f403a_407_gpio.o
                               0x13a9 (size before relaxing)
 .debug_str     0x000030bc      0x921 ./firmware/at32f403a_407_misc.o
                                0xae4 (size before relaxing)
 .debug_str     0x000039dd      0x76f ./firmware/at32f403a_407_usart.o
                                0xdd5 (size before relaxing)
 .debug_str     0x0000414c       0x2f ./cmsis/startup_at32f403a_407.o
                                 0x68 (size before relaxing)
 .debug_str     0x0000417b       0x68 ./cmsis/system_at32f403a_407.o
                                0xb01 (size before relaxing)
 .debug_str     0x000041e3      0x505 ./bsp/at32f403a_407_board.o
                               0x1435 (size before relaxing)

.comment        0x00000000       0x49
 .comment       0x00000000       0x49 ./user/at32f403a_407_clock.o
                                 0x4a (size before relaxing)
 .comment       0x00000049       0x4a ./user/at32f403a_407_int.o
 .comment       0x00000049       0x4a ./user/main.o
 .comment       0x00000049       0x4a ./firmware/at32f403a_407_crm.o
 .comment       0x00000049       0x4a ./firmware/at32f403a_407_gpio.o
 .comment       0x00000049       0x4a ./firmware/at32f403a_407_misc.o
 .comment       0x00000049       0x4a ./firmware/at32f403a_407_usart.o
 .comment       0x00000049       0x4a ./cmsis/system_at32f403a_407.o
 .comment       0x00000049       0x4a ./bsp/at32f403a_407_board.o

.debug_frame    0x00000000     0x1c20
 .debug_frame   0x00000000       0x2c ./user/at32f403a_407_clock.o
 .debug_frame   0x0000002c      0x110 ./user/at32f403a_407_int.o
 .debug_frame   0x0000013c       0x2c ./user/main.o
 .debug_frame   0x00000168      0x568 ./firmware/at32f403a_407_crm.o
 .debug_frame   0x000006d0      0x2d0 ./firmware/at32f403a_407_gpio.o
 .debug_frame   0x000009a0      0x210 ./firmware/at32f403a_407_misc.o
 .debug_frame   0x00000bb0      0x490 ./firmware/at32f403a_407_usart.o
 .debug_frame   0x00001040       0x54 ./cmsis/system_at32f403a_407.o
 .debug_frame   0x00001094      0x220 ./bsp/at32f403a_407_board.o
 .debug_frame   0x000012b4       0x2c d:/at32ide/platform/tools/gcc-arm-none-eabi-10.3-2021.10/bin/../lib/gcc/arm-none-eabi/10.3.1/../../../../arm-none-eabi/lib/thumb/v7e-m+fp/hard\libg_nano.a(lib_a-init.o)
 .debug_frame   0x000012e0       0x20 d:/at32ide/platform/tools/gcc-arm-none-eabi-10.3-2021.10/bin/../lib/gcc/arm-none-eabi/10.3.1/../../../../arm-none-eabi/lib/thumb/v7e-m+fp/hard\libg_nano.a(lib_a-memset.o)
 .debug_frame   0x00001300       0x74 d:/at32ide/platform/tools/gcc-arm-none-eabi-10.3-2021.10/bin/../lib/gcc/arm-none-eabi/10.3.1/../../../../arm-none-eabi/lib/thumb/v7e-m+fp/hard\libg_nano.a(lib_a-printf.o)
 .debug_frame   0x00001374       0x3c d:/at32ide/platform/tools/gcc-arm-none-eabi-10.3-2021.10/bin/../lib/gcc/arm-none-eabi/10.3.1/../../../../arm-none-eabi/lib/thumb/v7e-m+fp/hard\libg_nano.a(lib_a-puts.o)
 .debug_frame   0x000013b0       0x38 d:/at32ide/platform/tools/gcc-arm-none-eabi-10.3-2021.10/bin/../lib/gcc/arm-none-eabi/10.3.1/../../../../arm-none-eabi/lib/thumb/v7e-m+fp/hard\libg_nano.a(lib_a-setvbuf.o)
 .debug_frame   0x000013e8       0x40 d:/at32ide/platform/tools/gcc-arm-none-eabi-10.3-2021.10/bin/../lib/gcc/arm-none-eabi/10.3.1/../../../../arm-none-eabi/lib/thumb/v7e-m+fp/hard\libg_nano.a(lib_a-wbuf.o)
 .debug_frame   0x00001428       0x2c d:/at32ide/platform/tools/gcc-arm-none-eabi-10.3-2021.10/bin/../lib/gcc/arm-none-eabi/10.3.1/../../../../arm-none-eabi/lib/thumb/v7e-m+fp/hard\libg_nano.a(lib_a-wsetup.o)
 .debug_frame   0x00001454       0x5c d:/at32ide/platform/tools/gcc-arm-none-eabi-10.3-2021.10/bin/../lib/gcc/arm-none-eabi/10.3.1/../../../../arm-none-eabi/lib/thumb/v7e-m+fp/hard\libg_nano.a(lib_a-fflush.o)
 .debug_frame   0x000014b0      0x14c d:/at32ide/platform/tools/gcc-arm-none-eabi-10.3-2021.10/bin/../lib/gcc/arm-none-eabi/10.3.1/../../../../arm-none-eabi/lib/thumb/v7e-m+fp/hard\libg_nano.a(lib_a-findfp.o)
 .debug_frame   0x000015fc       0x54 d:/at32ide/platform/tools/gcc-arm-none-eabi-10.3-2021.10/bin/../lib/gcc/arm-none-eabi/10.3.1/../../../../arm-none-eabi/lib/thumb/v7e-m+fp/hard\libg_nano.a(lib_a-fwalk.o)
 .debug_frame   0x00001650       0xb0 d:/at32ide/platform/tools/gcc-arm-none-eabi-10.3-2021.10/bin/../lib/gcc/arm-none-eabi/10.3.1/../../../../arm-none-eabi/lib/thumb/v7e-m+fp/hard\libg_nano.a(lib_a-lock.o)
 .debug_frame   0x00001700       0x58 d:/at32ide/platform/tools/gcc-arm-none-eabi-10.3-2021.10/bin/../lib/gcc/arm-none-eabi/10.3.1/../../../../arm-none-eabi/lib/thumb/v7e-m+fp/hard\libg_nano.a(lib_a-makebuf.o)
 .debug_frame   0x00001758       0x30 d:/at32ide/platform/tools/gcc-arm-none-eabi-10.3-2021.10/bin/../lib/gcc/arm-none-eabi/10.3.1/../../../../arm-none-eabi/lib/thumb/v7e-m+fp/hard\libg_nano.a(lib_a-malloc.o)
 .debug_frame   0x00001788       0x38 d:/at32ide/platform/tools/gcc-arm-none-eabi-10.3-2021.10/bin/../lib/gcc/arm-none-eabi/10.3.1/../../../../arm-none-eabi/lib/thumb/v7e-m+fp/hard\libg_nano.a(lib_a-nano-freer.o)
 .debug_frame   0x000017c0       0x4c d:/at32ide/platform/tools/gcc-arm-none-eabi-10.3-2021.10/bin/../lib/gcc/arm-none-eabi/10.3.1/../../../../arm-none-eabi/lib/thumb/v7e-m+fp/hard\libg_nano.a(lib_a-nano-mallocr.o)
 .debug_frame   0x0000180c       0xac d:/at32ide/platform/tools/gcc-arm-none-eabi-10.3-2021.10/bin/../lib/gcc/arm-none-eabi/10.3.1/../../../../arm-none-eabi/lib/thumb/v7e-m+fp/hard\libg_nano.a(lib_a-nano-vfprintf.o)
 .debug_frame   0x000018b8       0x60 d:/at32ide/platform/tools/gcc-arm-none-eabi-10.3-2021.10/bin/../lib/gcc/arm-none-eabi/10.3.1/../../../../arm-none-eabi/lib/thumb/v7e-m+fp/hard\libg_nano.a(lib_a-nano-vfprintf_i.o)
 .debug_frame   0x00001918       0x2c d:/at32ide/platform/tools/gcc-arm-none-eabi-10.3-2021.10/bin/../lib/gcc/arm-none-eabi/10.3.1/../../../../arm-none-eabi/lib/thumb/v7e-m+fp/hard\libg_nano.a(lib_a-sbrkr.o)
 .debug_frame   0x00001944       0x88 d:/at32ide/platform/tools/gcc-arm-none-eabi-10.3-2021.10/bin/../lib/gcc/arm-none-eabi/10.3.1/../../../../arm-none-eabi/lib/thumb/v7e-m+fp/hard\libg_nano.a(lib_a-stdio.o)
 .debug_frame   0x000019cc       0x2c d:/at32ide/platform/tools/gcc-arm-none-eabi-10.3-2021.10/bin/../lib/gcc/arm-none-eabi/10.3.1/../../../../arm-none-eabi/lib/thumb/v7e-m+fp/hard\libg_nano.a(lib_a-writer.o)
 .debug_frame   0x000019f8       0x2c d:/at32ide/platform/tools/gcc-arm-none-eabi-10.3-2021.10/bin/../lib/gcc/arm-none-eabi/10.3.1/../../../../arm-none-eabi/lib/thumb/v7e-m+fp/hard\libg_nano.a(lib_a-closer.o)
 .debug_frame   0x00001a24       0x2c d:/at32ide/platform/tools/gcc-arm-none-eabi-10.3-2021.10/bin/../lib/gcc/arm-none-eabi/10.3.1/../../../../arm-none-eabi/lib/thumb/v7e-m+fp/hard\libg_nano.a(lib_a-fstatr.o)
 .debug_frame   0x00001a50       0x2c d:/at32ide/platform/tools/gcc-arm-none-eabi-10.3-2021.10/bin/../lib/gcc/arm-none-eabi/10.3.1/../../../../arm-none-eabi/lib/thumb/v7e-m+fp/hard\libg_nano.a(lib_a-isattyr.o)
 .debug_frame   0x00001a7c       0x2c d:/at32ide/platform/tools/gcc-arm-none-eabi-10.3-2021.10/bin/../lib/gcc/arm-none-eabi/10.3.1/../../../../arm-none-eabi/lib/thumb/v7e-m+fp/hard\libg_nano.a(lib_a-lseekr.o)
 .debug_frame   0x00001aa8       0x30 d:/at32ide/platform/tools/gcc-arm-none-eabi-10.3-2021.10/bin/../lib/gcc/arm-none-eabi/10.3.1/../../../../arm-none-eabi/lib/thumb/v7e-m+fp/hard\libg_nano.a(lib_a-mlock.o)
 .debug_frame   0x00001ad8       0x2c d:/at32ide/platform/tools/gcc-arm-none-eabi-10.3-2021.10/bin/../lib/gcc/arm-none-eabi/10.3.1/../../../../arm-none-eabi/lib/thumb/v7e-m+fp/hard\libg_nano.a(lib_a-readr.o)
 .debug_frame   0x00001b04       0x5c d:/at32ide/platform/tools/gcc-arm-none-eabi-10.3-2021.10/bin/../lib/gcc/arm-none-eabi/10.3.1/../../../../arm-none-eabi/lib/thumb/v7e-m+fp/hard\libg_nano.a(lib_a-reent.o)
 .debug_frame   0x00001b60       0x20 d:/at32ide/platform/tools/gcc-arm-none-eabi-10.3-2021.10/bin/../lib/gcc/arm-none-eabi/10.3.1/../../../../arm-none-eabi/lib/thumb/v7e-m+fp/hard\libnosys.a(close.o)
 .debug_frame   0x00001b80       0x20 d:/at32ide/platform/tools/gcc-arm-none-eabi-10.3-2021.10/bin/../lib/gcc/arm-none-eabi/10.3.1/../../../../arm-none-eabi/lib/thumb/v7e-m+fp/hard\libnosys.a(fstat.o)
 .debug_frame   0x00001ba0       0x20 d:/at32ide/platform/tools/gcc-arm-none-eabi-10.3-2021.10/bin/../lib/gcc/arm-none-eabi/10.3.1/../../../../arm-none-eabi/lib/thumb/v7e-m+fp/hard\libnosys.a(isatty.o)
 .debug_frame   0x00001bc0       0x20 d:/at32ide/platform/tools/gcc-arm-none-eabi-10.3-2021.10/bin/../lib/gcc/arm-none-eabi/10.3.1/../../../../arm-none-eabi/lib/thumb/v7e-m+fp/hard\libnosys.a(lseek.o)
 .debug_frame   0x00001be0       0x20 d:/at32ide/platform/tools/gcc-arm-none-eabi-10.3-2021.10/bin/../lib/gcc/arm-none-eabi/10.3.1/../../../../arm-none-eabi/lib/thumb/v7e-m+fp/hard\libnosys.a(read.o)
 .debug_frame   0x00001c00       0x20 d:/at32ide/platform/tools/gcc-arm-none-eabi-10.3-2021.10/bin/../lib/gcc/arm-none-eabi/10.3.1/../../../../arm-none-eabi/lib/thumb/v7e-m+fp/hard\libnosys.a(sbrk.o)

.stab           0x00000000       0x84
 .stab          0x00000000       0x24 d:/at32ide/platform/tools/gcc-arm-none-eabi-10.3-2021.10/bin/../lib/gcc/arm-none-eabi/10.3.1/../../../../arm-none-eabi/lib/thumb/v7e-m+fp/hard\libnosys.a(close.o)
 .stab          0x00000024       0x18 d:/at32ide/platform/tools/gcc-arm-none-eabi-10.3-2021.10/bin/../lib/gcc/arm-none-eabi/10.3.1/../../../../arm-none-eabi/lib/thumb/v7e-m+fp/hard\libnosys.a(fstat.o)
                                 0x24 (size before relaxing)
 .stab          0x0000003c       0x18 d:/at32ide/platform/tools/gcc-arm-none-eabi-10.3-2021.10/bin/../lib/gcc/arm-none-eabi/10.3.1/../../../../arm-none-eabi/lib/thumb/v7e-m+fp/hard\libnosys.a(isatty.o)
                                 0x24 (size before relaxing)
 .stab          0x00000054       0x18 d:/at32ide/platform/tools/gcc-arm-none-eabi-10.3-2021.10/bin/../lib/gcc/arm-none-eabi/10.3.1/../../../../arm-none-eabi/lib/thumb/v7e-m+fp/hard\libnosys.a(lseek.o)
                                 0x24 (size before relaxing)
 .stab          0x0000006c       0x18 d:/at32ide/platform/tools/gcc-arm-none-eabi-10.3-2021.10/bin/../lib/gcc/arm-none-eabi/10.3.1/../../../../arm-none-eabi/lib/thumb/v7e-m+fp/hard\libnosys.a(read.o)
                                 0x24 (size before relaxing)

.stabstr        0x00000000      0x117
 .stabstr       0x00000000      0x117 d:/at32ide/platform/tools/gcc-arm-none-eabi-10.3-2021.10/bin/../lib/gcc/arm-none-eabi/10.3.1/../../../../arm-none-eabi/lib/thumb/v7e-m+fp/hard\libnosys.a(close.o)
